../Libraries/STD_Lib/src/stm32f4xx_can.c:160:6:CAN_DeInit	16	static
../Libraries/STD_Lib/src/stm32f4xx_can.c:209:9:CAN_Init	24	static
../Libraries/STD_Lib/src/stm32f4xx_can.c:441:6:CAN_FilterInit	24	static
../Libraries/STD_Lib/src/stm32f4xx_can.c:533:6:CAN_StructInit	16	static
../Libraries/STD_Lib/src/stm32f4xx_can.c:599:6:CAN_SlaveStartBank	16	static
../Libraries/STD_Lib/src/stm32f4xx_can.c:625:6:CAN_DBGFreeze	16	static
../Libraries/STD_Lib/src/stm32f4xx_can.c:656:6:CAN_TTComModeCmd	16	static
../Libraries/STD_Lib/src/stm32f4xx_can.c:711:9:CAN_Transmit	24	static
../Libraries/STD_Lib/src/stm32f4xx_can.c:784:9:CAN_TransmitStatus	24	static
../Libraries/STD_Lib/src/stm32f4xx_can.c:839:6:CAN_CancelTransmit	16	static
../Libraries/STD_Lib/src/stm32f4xx_can.c:887:6:CAN_Receive	24	static
../Libraries/STD_Lib/src/stm32f4xx_can.c:937:6:CAN_FIFORelease	16	static
../Libraries/STD_Lib/src/stm32f4xx_can.c:961:9:CAN_MessagePending	24	static
../Libraries/STD_Lib/src/stm32f4xx_can.c:1011:9:CAN_OperatingModeRequest	24	static
../Libraries/STD_Lib/src/stm32f4xx_can.c:1093:9:CAN_Sleep	24	static
../Libraries/STD_Lib/src/stm32f4xx_can.c:1119:9:CAN_WakeUp	24	static
../Libraries/STD_Lib/src/stm32f4xx_can.c:1181:9:CAN_GetLastErrorCode	24	static
../Libraries/STD_Lib/src/stm32f4xx_can.c:1207:9:CAN_GetReceiveErrorCounter	24	static
../Libraries/STD_Lib/src/stm32f4xx_can.c:1228:9:CAN_GetLSBTransmitErrorCounter	24	static
../Libraries/STD_Lib/src/stm32f4xx_can.c:1434:6:CAN_ITConfig	24	static
../Libraries/STD_Lib/src/stm32f4xx_can.c:1475:12:CAN_GetFlagStatus	24	static
../Libraries/STD_Lib/src/stm32f4xx_can.c:1576:6:CAN_ClearFlag	24	static
../Libraries/STD_Lib/src/stm32f4xx_can.c:1637:10:CAN_GetITStatus	24	static
../Libraries/STD_Lib/src/stm32f4xx_can.c:1742:6:CAN_ClearITPendingBit	16	static
../Libraries/STD_Lib/src/stm32f4xx_can.c:1820:17:CheckITStatus	24	static
