Archive member included to satisfy reference by file (symbol)

D:/STM32CUBEIDE/STM32CubeIDE_1.14.1/STM32CubeIDE/plugins/com.st.stm32cube.ide.mcu.externaltools.gnu-tools-for-stm32.11.3.rel1.win32_1.1.100.202309141235/tools/bin/../lib/gcc/arm-none-eabi/11.3.1/../../../../arm-none-eabi/lib/thumb/v7e-m+fp/hard\libc_nano.a(libc_a-exit.o)
                              D:/STM32CUBEIDE/STM32CubeIDE_1.14.1/STM32CubeIDE/plugins/com.st.stm32cube.ide.mcu.externaltools.gnu-tools-for-stm32.11.3.rel1.win32_1.1.100.202309141235/tools/bin/../lib/gcc/arm-none-eabi/11.3.1/../../../../arm-none-eabi/lib/thumb/v7e-m+fp/hard/crt0.o (exit)
D:/STM32CUBEIDE/STM32CubeIDE_1.14.1/STM32CubeIDE/plugins/com.st.stm32cube.ide.mcu.externaltools.gnu-tools-for-stm32.11.3.rel1.win32_1.1.100.202309141235/tools/bin/../lib/gcc/arm-none-eabi/11.3.1/../../../../arm-none-eabi/lib/thumb/v7e-m+fp/hard\libc_nano.a(libc_a-findfp.o)
                              D:/STM32CUBEIDE/STM32CubeIDE_1.14.1/STM32CubeIDE/plugins/com.st.stm32cube.ide.mcu.externaltools.gnu-tools-for-stm32.11.3.rel1.win32_1.1.100.202309141235/tools/bin/../lib/gcc/arm-none-eabi/11.3.1/../../../../arm-none-eabi/lib/thumb/v7e-m+fp/hard\libc_nano.a(libc_a-exit.o) (__stdio_exit_handler)
D:/STM32CUBEIDE/STM32CubeIDE_1.14.1/STM32CubeIDE/plugins/com.st.stm32cube.ide.mcu.externaltools.gnu-tools-for-stm32.11.3.rel1.win32_1.1.100.202309141235/tools/bin/../lib/gcc/arm-none-eabi/11.3.1/../../../../arm-none-eabi/lib/thumb/v7e-m+fp/hard\libc_nano.a(libc_a-fwalk.o)
                              D:/STM32CUBEIDE/STM32CubeIDE_1.14.1/STM32CubeIDE/plugins/com.st.stm32cube.ide.mcu.externaltools.gnu-tools-for-stm32.11.3.rel1.win32_1.1.100.202309141235/tools/bin/../lib/gcc/arm-none-eabi/11.3.1/../../../../arm-none-eabi/lib/thumb/v7e-m+fp/hard\libc_nano.a(libc_a-findfp.o) (_fwalk_sglue)
D:/STM32CUBEIDE/STM32CubeIDE_1.14.1/STM32CubeIDE/plugins/com.st.stm32cube.ide.mcu.externaltools.gnu-tools-for-stm32.11.3.rel1.win32_1.1.100.202309141235/tools/bin/../lib/gcc/arm-none-eabi/11.3.1/../../../../arm-none-eabi/lib/thumb/v7e-m+fp/hard\libc_nano.a(libc_a-stdio.o)
                              D:/STM32CUBEIDE/STM32CubeIDE_1.14.1/STM32CubeIDE/plugins/com.st.stm32cube.ide.mcu.externaltools.gnu-tools-for-stm32.11.3.rel1.win32_1.1.100.202309141235/tools/bin/../lib/gcc/arm-none-eabi/11.3.1/../../../../arm-none-eabi/lib/thumb/v7e-m+fp/hard\libc_nano.a(libc_a-findfp.o) (__sread)
D:/STM32CUBEIDE/STM32CubeIDE_1.14.1/STM32CubeIDE/plugins/com.st.stm32cube.ide.mcu.externaltools.gnu-tools-for-stm32.11.3.rel1.win32_1.1.100.202309141235/tools/bin/../lib/gcc/arm-none-eabi/11.3.1/../../../../arm-none-eabi/lib/thumb/v7e-m+fp/hard\libc_nano.a(libc_a-memset.o)
                              D:/STM32CUBEIDE/STM32CubeIDE_1.14.1/STM32CubeIDE/plugins/com.st.stm32cube.ide.mcu.externaltools.gnu-tools-for-stm32.11.3.rel1.win32_1.1.100.202309141235/tools/bin/../lib/gcc/arm-none-eabi/11.3.1/../../../../arm-none-eabi/lib/thumb/v7e-m+fp/hard/crt0.o (memset)
D:/STM32CUBEIDE/STM32CubeIDE_1.14.1/STM32CubeIDE/plugins/com.st.stm32cube.ide.mcu.externaltools.gnu-tools-for-stm32.11.3.rel1.win32_1.1.100.202309141235/tools/bin/../lib/gcc/arm-none-eabi/11.3.1/../../../../arm-none-eabi/lib/thumb/v7e-m+fp/hard\libc_nano.a(libc_a-closer.o)
                              D:/STM32CUBEIDE/STM32CubeIDE_1.14.1/STM32CubeIDE/plugins/com.st.stm32cube.ide.mcu.externaltools.gnu-tools-for-stm32.11.3.rel1.win32_1.1.100.202309141235/tools/bin/../lib/gcc/arm-none-eabi/11.3.1/../../../../arm-none-eabi/lib/thumb/v7e-m+fp/hard\libc_nano.a(libc_a-stdio.o) (_close_r)
D:/STM32CUBEIDE/STM32CubeIDE_1.14.1/STM32CubeIDE/plugins/com.st.stm32cube.ide.mcu.externaltools.gnu-tools-for-stm32.11.3.rel1.win32_1.1.100.202309141235/tools/bin/../lib/gcc/arm-none-eabi/11.3.1/../../../../arm-none-eabi/lib/thumb/v7e-m+fp/hard\libc_nano.a(libc_a-reent.o)
                              D:/STM32CUBEIDE/STM32CubeIDE_1.14.1/STM32CubeIDE/plugins/com.st.stm32cube.ide.mcu.externaltools.gnu-tools-for-stm32.11.3.rel1.win32_1.1.100.202309141235/tools/bin/../lib/gcc/arm-none-eabi/11.3.1/../../../../arm-none-eabi/lib/thumb/v7e-m+fp/hard\libc_nano.a(libc_a-closer.o) (errno)
D:/STM32CUBEIDE/STM32CubeIDE_1.14.1/STM32CubeIDE/plugins/com.st.stm32cube.ide.mcu.externaltools.gnu-tools-for-stm32.11.3.rel1.win32_1.1.100.202309141235/tools/bin/../lib/gcc/arm-none-eabi/11.3.1/../../../../arm-none-eabi/lib/thumb/v7e-m+fp/hard\libc_nano.a(libc_a-impure.o)
                              D:/STM32CUBEIDE/STM32CubeIDE_1.14.1/STM32CubeIDE/plugins/com.st.stm32cube.ide.mcu.externaltools.gnu-tools-for-stm32.11.3.rel1.win32_1.1.100.202309141235/tools/bin/../lib/gcc/arm-none-eabi/11.3.1/../../../../arm-none-eabi/lib/thumb/v7e-m+fp/hard\libc_nano.a(libc_a-reent.o) (_impure_ptr)
[...]
Memory Configuration

Name             Origin             Length             Attributes
RAM              0x0000000020000000 0x0000000000018000 xrw
FLASH            0x0000000008000000 0x0000000000080000 xr
*default*        0x0000000000000000 0xffffffffffffffff

Linker script and memory map

LOAD D:/STM32CUBEIDE/STM32CubeIDE_1.14.1/STM32CubeIDE/plugins/com.st.stm32cube.ide.mcu.externaltools.gnu-tools-for-stm32.11.3.rel1.win32_1.1.100.202309141235/tools/bin/../lib/gcc/arm-none-eabi/11.3.1/thumb/v7e-m+fp/hard/crti.o
LOAD D:/STM32CUBEIDE/STM32CubeIDE_1.14.1/STM32CubeIDE/plugins/com.st.stm32cube.ide.mcu.externaltools.gnu-tools-for-stm32.11.3.rel1.win32_1.1.100.202309141235/tools/bin/../lib/gcc/arm-none-eabi/11.3.1/thumb/v7e-m+fp/hard/crtbegin.o
LOAD D:/STM32CUBEIDE/STM32CubeIDE_1.14.1/STM32CubeIDE/plugins/com.st.stm32cube.ide.mcu.externaltools.gnu-tools-for-stm32.11.3.rel1.win32_1.1.100.202309141235/tools/bin/../lib/gcc/arm-none-eabi/11.3.1/../../../../arm-none-eabi/lib/thumb/v7e-m+fp/hard/crt0.o
LOAD ./Libraries/STD_Lib/src/misc.o
LOAD ./Libraries/STD_Lib/src/stm32f4xx_adc.o
LOAD ./Libraries/STD_Lib/src/stm32f4xx_can.o
LOAD ./Libraries/STD_Lib/src/stm32f4xx_dac.o
LOAD ./Libraries/STD_Lib/src/stm32f4xx_dma.o
LOAD ./Libraries/STD_Lib/src/stm32f4xx_dma2d.o
LOAD ./Libraries/STD_Lib/src/stm32f4xx_exti.o
LOAD ./Libraries/STD_Lib/src/stm32f4xx_gpio.o
LOAD ./Libraries/STD_Lib/src/stm32f4xx_i2c.o
LOAD ./Libraries/STD_Lib/src/stm32f4xx_rcc.o
LOAD ./Libraries/STD_Lib/src/stm32f4xx_spi.o
LOAD ./Libraries/STD_Lib/src/stm32f4xx_tim.o
LOAD ./Libraries/STD_Lib/src/stm32f4xx_usart.o
LOAD ./Src/SEGGER_RTT.o
LOAD ./Src/SEGGER_RTT_printf.o
LOAD ./Src/main.o
LOAD ./Src/stm32f4xx_hal_msp.o
LOAD ./Src/stm32f4xx_it.o
LOAD ./Src/syscalls.o
LOAD ./Src/sysmem.o
LOAD ./Src/system_stm32f4xx.o
LOAD ./Startup/startup_stm32f401retx.o
START GROUP
LOAD D:/STM32CUBEIDE/STM32CubeIDE_1.14.1/STM32CubeIDE/plugins/com.st.stm32cube.ide.mcu.externaltools.gnu-tools-for-stm32.11.3.rel1.win32_1.1.100.202309141235/tools/bin/../lib/gcc/arm-none-eabi/11.3.1/../../../../arm-none-eabi/lib/thumb/v7e-m+fp/hard\libc_nano.a
LOAD D:/STM32CUBEIDE/STM32CubeIDE_1.14.1/STM32CubeIDE/plugins/com.st.stm32cube.ide.mcu.externaltools.gnu-tools-for-stm32.11.3.rel1.win32_1.1.100.202309141235/tools/bin/../lib/gcc/arm-none-eabi/11.3.1/../../../../arm-none-eabi/lib/thumb/v7e-m+fp/hard\libm.a
END GROUP
START GROUP
LOAD D:/STM32CUBEIDE/STM32CubeIDE_1.14.1/STM32CubeIDE/plugins/com.st.stm32cube.ide.mcu.externaltools.gnu-tools-for-stm32.11.3.rel1.win32_1.1.100.202309141235/tools/bin/../lib/gcc/arm-none-eabi/11.3.1/thumb/v7e-m+fp/hard\libgcc.a
LOAD D:/STM32CUBEIDE/STM32CubeIDE_1.14.1/STM32CubeIDE/plugins/com.st.stm32cube.ide.mcu.externaltools.gnu-tools-for-stm32.11.3.rel1.win32_1.1.100.202309141235/tools/bin/../lib/gcc/arm-none-eabi/11.3.1/../../../../arm-none-eabi/lib/thumb/v7e-m+fp/hard\libc_nano.a
END GROUP
START GROUP
LOAD D:/STM32CUBEIDE/STM32CubeIDE_1.14.1/STM32CubeIDE/plugins/com.st.stm32cube.ide.mcu.externaltools.gnu-tools-for-stm32.11.3.rel1.win32_1.1.100.202309141235/tools/bin/../lib/gcc/arm-none-eabi/11.3.1/thumb/v7e-m+fp/hard\libgcc.a
LOAD D:/STM32CUBEIDE/STM32CubeIDE_1.14.1/STM32CubeIDE/plugins/com.st.stm32cube.ide.mcu.externaltools.gnu-tools-for-stm32.11.3.rel1.win32_1.1.100.202309141235/tools/bin/../lib/gcc/arm-none-eabi/11.3.1/../../../../arm-none-eabi/lib/thumb/v7e-m+fp/hard\libc_nano.a
LOAD D:/STM32CUBEIDE/STM32CubeIDE_1.14.1/STM32CubeIDE/plugins/com.st.stm32cube.ide.mcu.externaltools.gnu-tools-for-stm32.11.3.rel1.win32_1.1.100.202309141235/tools/bin/../lib/gcc/arm-none-eabi/11.3.1/../../../../arm-none-eabi/lib/thumb/v7e-m+fp/hard\libnosys.a
END GROUP
START GROUP
LOAD D:/STM32CUBEIDE/STM32CubeIDE_1.14.1/STM32CubeIDE/plugins/com.st.stm32cube.ide.mcu.externaltools.gnu-tools-for-stm32.11.3.rel1.win32_1.1.100.202309141235/tools/bin/../lib/gcc/arm-none-eabi/11.3.1/thumb/v7e-m+fp/hard\libgcc.a
LOAD D:/STM32CUBEIDE/STM32CubeIDE_1.14.1/STM32CubeIDE/plugins/com.st.stm32cube.ide.mcu.externaltools.gnu-tools-for-stm32.11.3.rel1.win32_1.1.100.202309141235/tools/bin/../lib/gcc/arm-none-eabi/11.3.1/../../../../arm-none-eabi/lib/thumb/v7e-m+fp/hard\libc_nano.a
LOAD D:/STM32CUBEIDE/STM32CubeIDE_1.14.1/STM32CubeIDE/plugins/com.st.stm32cube.ide.mcu.externaltools.gnu-tools-for-stm32.11.3.rel1.win32_1.1.100.202309141235/tools/bin/../lib/gcc/arm-none-eabi/11.3.1/../../../../arm-none-eabi/lib/thumb/v7e-m+fp/hard\libnosys.a
END GROUP
LOAD D:/STM32CUBEIDE/STM32CubeIDE_1.14.1/STM32CubeIDE/plugins/com.st.stm32cube.ide.mcu.externaltools.gnu-tools-for-stm32.11.3.rel1.win32_1.1.100.202309141235/tools/bin/../lib/gcc/arm-none-eabi/11.3.1/thumb/v7e-m+fp/hard/crtend.o
LOAD D:/STM32CUBEIDE/STM32CubeIDE_1.14.1/STM32CubeIDE/plugins/com.st.stm32cube.ide.mcu.externaltools.gnu-tools-for-stm32.11.3.rel1.win32_1.1.100.202309141235/tools/bin/../lib/gcc/arm-none-eabi/11.3.1/thumb/v7e-m+fp/hard/crtn.o
                0x0000000020018000                _estack = (ORIGIN (RAM) + LENGTH (RAM))
                0x0000000000000200                _Min_Heap_Size = 0x200
                0x0000000000000400                _Min_Stack_Size = 0x400

.isr_vector     0x0000000008000000      0x194
                0x0000000008000000                . = ALIGN (0x4)
 *(.isr_vector)
 .isr_vector    0x0000000008000000      0x194 ./Startup/startup_stm32f401retx.o
                0x0000000008000000                g_pfnVectors
                0x0000000008000194                . = ALIGN (0x4)

.text           0x0000000008000194     0x10c4
                0x0000000008000194                . = ALIGN (0x4)
 *(.text)
 .text          0x0000000008000194       0x40 D:/STM32CUBEIDE/STM32CubeIDE_1.14.1/STM32CubeIDE/plugins/com.st.stm32cube.ide.mcu.externaltools.gnu-tools-for-stm32.11.3.rel1.win32_1.1.100.202309141235/tools/bin/../lib/gcc/arm-none-eabi/11.3.1/thumb/v7e-m+fp/hard/crtbegin.o
 *(.text*)
 .text.GPIO_Init
                0x00000000080001d4      0x11e ./Libraries/STD_Lib/src/stm32f4xx_gpio.o
                0x00000000080001d4                GPIO_Init
 .text.GPIO_ReadInputDataBit
                0x00000000080002f2       0x34 ./Libraries/STD_Lib/src/stm32f4xx_gpio.o
                0x00000000080002f2                GPIO_ReadInputDataBit
 .text.GPIO_ReadOutputDataBit
                0x0000000008000326       0x34 ./Libraries/STD_Lib/src/stm32f4xx_gpio.o
                0x0000000008000326                GPIO_ReadOutputDataBit
 .text.GPIO_SetBits
                0x000000000800035a       0x1e ./Libraries/STD_Lib/src/stm32f4xx_gpio.o
                0x000000000800035a                GPIO_SetBits
 .text.GPIO_ResetBits
                0x0000000008000378       0x20 ./Libraries/STD_Lib/src/stm32f4xx_gpio.o
                0x0000000008000378                GPIO_ResetBits
 .text.RCC_AHB1PeriphClockCmd
                0x0000000008000398       0x40 ./Libraries/STD_Lib/src/stm32f4xx_rcc.o
                0x0000000008000398                RCC_AHB1PeriphClockCmd
 .text._DoInit  0x00000000080003d8       0xb4 ./Src/SEGGER_RTT.o
 .text._WriteBlocking
                0x000000000800048c       0xba ./Src/SEGGER_RTT.o
 .text._WriteNoCheck
                0x0000000008000546       0x90 ./Src/SEGGER_RTT.o
 .text._GetAvailWriteSpace
                0x00000000080005d6       0x46 ./Src/SEGGER_RTT.o
 .text.SEGGER_RTT_WriteNoLock
                0x000000000800061c       0xa0 ./Src/SEGGER_RTT.o
                0x000000000800061c                SEGGER_RTT_WriteNoLock
 .text.SEGGER_RTT_Write
                0x00000000080006bc       0x4c ./Src/SEGGER_RTT.o
                0x00000000080006bc                SEGGER_RTT_Write
 .text.SEGGER_RTT_ConfigUpBuffer
                0x0000000008000708       0x94 ./Src/SEGGER_RTT.o
                0x0000000008000708                SEGGER_RTT_ConfigUpBuffer
 .text.SEGGER_RTT_Init
                0x000000000800079c        0xc ./Src/SEGGER_RTT.o
                0x000000000800079c                SEGGER_RTT_Init
 .text._StoreChar
                0x00000000080007a8       0x7c ./Src/SEGGER_RTT_printf.o
 .text._PrintUnsigned
                0x0000000008000824      0x158 ./Src/SEGGER_RTT_printf.o
 .text._PrintInt
                0x000000000800097c      0x14e ./Src/SEGGER_RTT_printf.o
 *fill*         0x0000000008000aca        0x2 
 .text.SEGGER_RTT_vprintf
                0x0000000008000acc      0x3b4 ./Src/SEGGER_RTT_printf.o
                0x0000000008000acc                SEGGER_RTT_vprintf
 .text.SEGGER_RTT_printf
                0x0000000008000e80       0x30 ./Src/SEGGER_RTT_printf.o
                0x0000000008000e80                SEGGER_RTT_printf
 .text.RCC_Config
                0x0000000008000eb0       0x10 ./Src/main.o
                0x0000000008000eb0                RCC_Config
 .text.GPIO_Config
                0x0000000008000ec0       0x50 ./Src/main.o
                0x0000000008000ec0                GPIO_Config
 .text.Debug_Config
                0x0000000008000f10       0x20 ./Src/main.o
                0x0000000008000f10                Debug_Config
 .text.updateStateLD2
                0x0000000008000f30       0x38 ./Src/main.o
                0x0000000008000f30                updateStateLD2
 .text.main     0x0000000008000f68       0x4c ./Src/main.o
                0x0000000008000f68                main
 .text.NMI_Handler
                0x0000000008000fb4        0xe ./Src/stm32f4xx_it.o
                0x0000000008000fb4                NMI_Handler
 .text.HardFault_Handler
                0x0000000008000fc2        0x6 ./Src/stm32f4xx_it.o
                0x0000000008000fc2                HardFault_Handler
 .text.MemManage_Handler
                0x0000000008000fc8        0x6 ./Src/stm32f4xx_it.o
                0x0000000008000fc8                MemManage_Handler
 .text.BusFault_Handler
                0x0000000008000fce        0x6 ./Src/stm32f4xx_it.o
                0x0000000008000fce                BusFault_Handler
 .text.UsageFault_Handler
                0x0000000008000fd4        0x6 ./Src/stm32f4xx_it.o
                0x0000000008000fd4                UsageFault_Handler
 .text.SVC_Handler
                0x0000000008000fda        0xe ./Src/stm32f4xx_it.o
                0x0000000008000fda                SVC_Handler
 .text.DebugMon_Handler
                0x0000000008000fe8        0xe ./Src/stm32f4xx_it.o
                0x0000000008000fe8                DebugMon_Handler
 .text.PendSV_Handler
                0x0000000008000ff6        0xe ./Src/stm32f4xx_it.o
                0x0000000008000ff6                PendSV_Handler
 .text.SysTick_Handler
                0x0000000008001004        0xe ./Src/stm32f4xx_it.o
                0x0000000008001004                SysTick_Handler
 *fill*         0x0000000008001012        0x2 
 .text.SystemInit
                0x0000000008001014       0x6c ./Src/system_stm32f4xx.o
                0x0000000008001014                SystemInit
 .text.SetSysClock
                0x0000000008001080       0xf8 ./Src/system_stm32f4xx.o
 .text.Reset_Handler
                0x0000000008001178       0x50 ./Startup/startup_stm32f401retx.o
                0x0000000008001178                Reset_Handler
 .text.Default_Handler
                0x00000000080011c8        0x2 ./Startup/startup_stm32f401retx.o
                0x00000000080011c8                EXTI2_IRQHandler
                0x00000000080011c8                SPI4_IRQHandler
                0x00000000080011c8                TIM1_CC_IRQHandler
                0x00000000080011c8                DMA2_Stream5_IRQHandler
                0x00000000080011c8                DMA1_Stream5_IRQHandler
                0x00000000080011c8                SDIO_IRQHandler
                0x00000000080011c8                TAMP_STAMP_IRQHandler
                0x00000000080011c8                EXTI3_IRQHandler
                0x00000000080011c8                TIM1_UP_TIM10_IRQHandler
                0x00000000080011c8                I2C3_ER_IRQHandler
                0x00000000080011c8                EXTI18_OTG_FS_WKUP_IRQHandler
                0x00000000080011c8                EXTI0_IRQHandler
                0x00000000080011c8                I2C2_EV_IRQHandler
                0x00000000080011c8                DMA1_Stream2_IRQHandler
                0x00000000080011c8                DMA2_Stream2_IRQHandler
                0x00000000080011c8                SPI1_IRQHandler
                0x00000000080011c8                TIM1_BRK_TIM9_IRQHandler
                0x00000000080011c8                DMA2_Stream3_IRQHandler
                0x00000000080011c8                USART6_IRQHandler
                0x00000000080011c8                DMA2_Stream0_IRQHandler
                0x00000000080011c8                TIM4_IRQHandler
                0x00000000080011c8                I2C1_EV_IRQHandler
                0x00000000080011c8                DMA1_Stream6_IRQHandler
                0x00000000080011c8                DMA1_Stream1_IRQHandler
                0x00000000080011c8                TIM3_IRQHandler
                0x00000000080011c8                RCC_IRQHandler
                0x00000000080011c8                Default_Handler
                0x00000000080011c8                EXTI15_10_IRQHandler
                0x00000000080011c8                ADC_IRQHandler
                0x00000000080011c8                DMA1_Stream7_IRQHandler
                0x00000000080011c8                TIM5_IRQHandler
                0x00000000080011c8                DMA2_Stream7_IRQHandler
                0x00000000080011c8                I2C3_EV_IRQHandler
                0x00000000080011c8                EXTI9_5_IRQHandler
                0x00000000080011c8                SPI2_IRQHandler
                0x00000000080011c8                DMA1_Stream0_IRQHandler
                0x00000000080011c8                EXTI4_IRQHandler
                0x00000000080011c8                EXTI22_RTC_WKUP_IRQHandler
                0x00000000080011c8                TIM2_IRQHandler
                0x00000000080011c8                EXTI16_PVD_IRQHandler
                0x00000000080011c8                TIM1_TRG_COM_TIM11_IRQHandler
                0x00000000080011c8                EXTI1_IRQHandler
                0x00000000080011c8                EXTI17_RTC_Alarm_IRQHandler
                0x00000000080011c8                USART2_IRQHandler
                0x00000000080011c8                I2C2_ER_IRQHandler
                0x00000000080011c8                DMA2_Stream1_IRQHandler
                0x00000000080011c8                FLASH_IRQHandler
                0x00000000080011c8                DMA2_Stream4_IRQHandler
                0x00000000080011c8                USART1_IRQHandler
                0x00000000080011c8                OTG_FS_IRQHandler
                0x00000000080011c8                SPI3_IRQHandler
                0x00000000080011c8                DMA1_Stream4_IRQHandler
                0x00000000080011c8                I2C1_ER_IRQHandler
                0x00000000080011c8                DMA2_Stream6_IRQHandler
                0x00000000080011c8                DMA1_Stream3_IRQHandler
 .text.memset   0x00000000080011ca       0x10 D:/STM32CUBEIDE/STM32CubeIDE_1.14.1/STM32CubeIDE/plugins/com.st.stm32cube.ide.mcu.externaltools.gnu-tools-for-stm32.11.3.rel1.win32_1.1.100.202309141235/tools/bin/../lib/gcc/arm-none-eabi/11.3.1/../../../../arm-none-eabi/lib/thumb/v7e-m+fp/hard\libc_nano.a(libc_a-memset.o)
                0x00000000080011ca                memset
 *fill*         0x00000000080011da        0x2 
 .text.__libc_init_array
                0x00000000080011dc       0x48 D:/STM32CUBEIDE/STM32CubeIDE_1.14.1/STM32CubeIDE/plugins/com.st.stm32cube.ide.mcu.externaltools.gnu-tools-for-stm32.11.3.rel1.win32_1.1.100.202309141235/tools/bin/../lib/gcc/arm-none-eabi/11.3.1/../../../../arm-none-eabi/lib/thumb/v7e-m+fp/hard\libc_nano.a(libc_a-init.o)
                0x00000000080011dc                __libc_init_array
 .text.memcpy   0x0000000008001224       0x1c D:/STM32CUBEIDE/STM32CubeIDE_1.14.1/STM32CubeIDE/plugins/com.st.stm32cube.ide.mcu.externaltools.gnu-tools-for-stm32.11.3.rel1.win32_1.1.100.202309141235/tools/bin/../lib/gcc/arm-none-eabi/11.3.1/../../../../arm-none-eabi/lib/thumb/v7e-m+fp/hard\libc_nano.a(libc_a-memcpy-stub.o)
                0x0000000008001224                memcpy
 *(.glue_7)
 .glue_7        0x0000000008001240        0x0 linker stubs
 *(.glue_7t)
 .glue_7t       0x0000000008001240        0x0 linker stubs
 *(.eh_frame)
 .eh_frame      0x0000000008001240        0x0 D:/STM32CUBEIDE/STM32CubeIDE_1.14.1/STM32CubeIDE/plugins/com.st.stm32cube.ide.mcu.externaltools.gnu-tools-for-stm32.11.3.rel1.win32_1.1.100.202309141235/tools/bin/../lib/gcc/arm-none-eabi/11.3.1/thumb/v7e-m+fp/hard/crtbegin.o
 *(.init)
 .init          0x0000000008001240        0x4 D:/STM32CUBEIDE/STM32CubeIDE_1.14.1/STM32CubeIDE/plugins/com.st.stm32cube.ide.mcu.externaltools.gnu-tools-for-stm32.11.3.rel1.win32_1.1.100.202309141235/tools/bin/../lib/gcc/arm-none-eabi/11.3.1/thumb/v7e-m+fp/hard/crti.o
                0x0000000008001240                _init
 .init          0x0000000008001244        0x8 D:/STM32CUBEIDE/STM32CubeIDE_1.14.1/STM32CubeIDE/plugins/com.st.stm32cube.ide.mcu.externaltools.gnu-tools-for-stm32.11.3.rel1.win32_1.1.100.202309141235/tools/bin/../lib/gcc/arm-none-eabi/11.3.1/thumb/v7e-m+fp/hard/crtn.o
 *(.fini)
 .fini          0x000000000800124c        0x4 D:/STM32CUBEIDE/STM32CubeIDE_1.14.1/STM32CubeIDE/plugins/com.st.stm32cube.ide.mcu.externaltools.gnu-tools-for-stm32.11.3.rel1.win32_1.1.100.202309141235/tools/bin/../lib/gcc/arm-none-eabi/11.3.1/thumb/v7e-m+fp/hard/crti.o
                0x000000000800124c                _fini
 .fini          0x0000000008001250        0x8 D:/STM32CUBEIDE/STM32CubeIDE_1.14.1/STM32CubeIDE/plugins/com.st.stm32cube.ide.mcu.externaltools.gnu-tools-for-stm32.11.3.rel1.win32_1.1.100.202309141235/tools/bin/../lib/gcc/arm-none-eabi/11.3.1/thumb/v7e-m+fp/hard/crtn.o
                0x0000000008001258                . = ALIGN (0x4)
                0x0000000008001258                _etext = .

.vfp11_veneer   0x0000000008001258        0x0
 .vfp11_veneer  0x0000000008001258        0x0 linker stubs

.v4_bx          0x0000000008001258        0x0
 .v4_bx         0x0000000008001258        0x0 linker stubs

.iplt           0x0000000008001258        0x0
 .iplt          0x0000000008001258        0x0 D:/STM32CUBEIDE/STM32CubeIDE_1.14.1/STM32CubeIDE/plugins/com.st.stm32cube.ide.mcu.externaltools.gnu-tools-for-stm32.11.3.rel1.win32_1.1.100.202309141235/tools/bin/../lib/gcc/arm-none-eabi/11.3.1/thumb/v7e-m+fp/hard/crtbegin.o

.rodata         0x0000000008001258       0x88
                0x0000000008001258                . = ALIGN (0x4)
 *(.rodata)
 .rodata        0x0000000008001258        0x9 ./Src/SEGGER_RTT.o
 *fill*         0x0000000008001261        0x3 
 .rodata        0x0000000008001264        0x7 ./Src/SEGGER_RTT_printf.o
 *fill*         0x000000000800126b        0x1 
 .rodata        0x000000000800126c       0x4e ./Src/main.o
 *(.rodata*)
 *fill*         0x00000000080012ba        0x2 
 .rodata._aInitStr.0
                0x00000000080012bc       0x11 ./Src/SEGGER_RTT.o
 *fill*         0x00000000080012cd        0x3 
 .rodata._aV2C.0
                0x00000000080012d0       0x10 ./Src/SEGGER_RTT_printf.o
                0x00000000080012e0                . = ALIGN (0x4)

.rel.dyn        0x00000000080012e0        0x0
 .rel.iplt      0x00000000080012e0        0x0 D:/STM32CUBEIDE/STM32CubeIDE_1.14.1/STM32CubeIDE/plugins/com.st.stm32cube.ide.mcu.externaltools.gnu-tools-for-stm32.11.3.rel1.win32_1.1.100.202309141235/tools/bin/../lib/gcc/arm-none-eabi/11.3.1/thumb/v7e-m+fp/hard/crtbegin.o

.ARM.extab      0x00000000080012e0        0x0
                0x00000000080012e0                . = ALIGN (0x4)
 *(.ARM.extab* .gnu.linkonce.armextab.*)
                0x00000000080012e0                . = ALIGN (0x4)

.ARM            0x00000000080012e0        0x0
                0x00000000080012e0                . = ALIGN (0x4)
                0x00000000080012e0                __exidx_start = .
 *(.ARM.exidx*)
                0x00000000080012e0                __exidx_end = .
                0x00000000080012e0                . = ALIGN (0x4)

.preinit_array  0x00000000080012e0        0x0
                0x00000000080012e0                . = ALIGN (0x4)
                0x00000000080012e0                PROVIDE (__preinit_array_start = .)
 *(.preinit_array*)
                0x00000000080012e0                PROVIDE (__preinit_array_end = .)
                0x00000000080012e0                . = ALIGN (0x4)

.init_array     0x00000000080012e0        0x4
                0x00000000080012e0                . = ALIGN (0x4)
                0x00000000080012e0                PROVIDE (__init_array_start = .)
 *(SORT_BY_NAME(.init_array.*))
 *(.init_array*)
 .init_array    0x00000000080012e0        0x4 D:/STM32CUBEIDE/STM32CubeIDE_1.14.1/STM32CubeIDE/plugins/com.st.stm32cube.ide.mcu.externaltools.gnu-tools-for-stm32.11.3.rel1.win32_1.1.100.202309141235/tools/bin/../lib/gcc/arm-none-eabi/11.3.1/thumb/v7e-m+fp/hard/crtbegin.o
                0x00000000080012e4                PROVIDE (__init_array_end = .)
                0x00000000080012e4                . = ALIGN (0x4)

.fini_array     0x00000000080012e4        0x4
                0x00000000080012e4                . = ALIGN (0x4)
                [!provide]                        PROVIDE (__fini_array_start = .)
 *(SORT_BY_NAME(.fini_array.*))
 *(.fini_array*)
 .fini_array    0x00000000080012e4        0x4 D:/STM32CUBEIDE/STM32CubeIDE_1.14.1/STM32CubeIDE/plugins/com.st.stm32cube.ide.mcu.externaltools.gnu-tools-for-stm32.11.3.rel1.win32_1.1.100.202309141235/tools/bin/../lib/gcc/arm-none-eabi/11.3.1/thumb/v7e-m+fp/hard/crtbegin.o
                [!provide]                        PROVIDE (__fini_array_end = .)
                0x00000000080012e8                . = ALIGN (0x4)
                0x00000000080012e8                _sidata = LOADADDR (.data)

.data           0x0000000020000000        0x0 load address 0x00000000080012e8
                0x0000000020000000                . = ALIGN (0x4)
                0x0000000020000000                _sdata = .
 *(.data)
 *(.data*)
 *(.RamFunc)
 *(.RamFunc*)
                0x0000000020000000                . = ALIGN (0x4)
                0x0000000020000000                _edata = .

.igot.plt       0x0000000020000000        0x0 load address 0x00000000080012e8
 .igot.plt      0x0000000020000000        0x0 D:/STM32CUBEIDE/STM32CubeIDE_1.14.1/STM32CubeIDE/plugins/com.st.stm32cube.ide.mcu.externaltools.gnu-tools-for-stm32.11.3.rel1.win32_1.1.100.202309141235/tools/bin/../lib/gcc/arm-none-eabi/11.3.1/thumb/v7e-m+fp/hard/crtbegin.o
                0x0000000020000000                . = ALIGN (0x4)

.bss            0x0000000020000000      0x4d4 load address 0x00000000080012e8
                0x0000000020000000                _sbss = .
                0x0000000020000000                __bss_start__ = _sbss
 *(.bss)
 .bss           0x0000000020000000       0x1c D:/STM32CUBEIDE/STM32CubeIDE_1.14.1/STM32CubeIDE/plugins/com.st.stm32cube.ide.mcu.externaltools.gnu-tools-for-stm32.11.3.rel1.win32_1.1.100.202309141235/tools/bin/../lib/gcc/arm-none-eabi/11.3.1/thumb/v7e-m+fp/hard/crtbegin.o
 *(.bss*)
 .bss._SEGGER_RTT
                0x000000002000001c       0xa8 ./Src/SEGGER_RTT.o
                0x000000002000001c                _SEGGER_RTT
 .bss._acUpBuffer
                0x00000000200000c4      0x400 ./Src/SEGGER_RTT.o
 .bss._acDownBuffer
                0x00000000200004c4       0x10 ./Src/SEGGER_RTT.o
 *(COMMON)
                0x00000000200004d4                . = ALIGN (0x4)
                0x00000000200004d4                _ebss = .
                0x00000000200004d4                __bss_end__ = _ebss

._user_heap_stack
                0x00000000200004d4      0x604 load address 0x00000000080012e8
                0x00000000200004d8                . = ALIGN (0x8)
 *fill*         0x00000000200004d4        0x4 
                [!provide]                        PROVIDE (end = .)
                0x00000000200004d8                PROVIDE (_end = .)
                0x00000000200006d8                . = (. + _Min_Heap_Size)
 *fill*         0x00000000200004d8      0x200 
                0x0000000020000ad8                . = (. + _Min_Stack_Size)
 *fill*         0x00000000200006d8      0x400 
                0x0000000020000ad8                . = ALIGN (0x8)

/DISCARD/
 libc.a(*)
 libm.a(*)
 libgcc.a(*)

.ARM.attributes
                0x0000000000000000       0x30
 *(.ARM.attributes)
 .ARM.attributes
                0x0000000000000000       0x1e D:/STM32CUBEIDE/STM32CubeIDE_1.14.1/STM32CubeIDE/plugins/com.st.stm32cube.ide.mcu.externaltools.gnu-tools-for-stm32.11.3.rel1.win32_1.1.100.202309141235/tools/bin/../lib/gcc/arm-none-eabi/11.3.1/thumb/v7e-m+fp/hard/crti.o
 .ARM.attributes
                0x000000000000001e       0x34 D:/STM32CUBEIDE/STM32CubeIDE_1.14.1/STM32CubeIDE/plugins/com.st.stm32cube.ide.mcu.externaltools.gnu-tools-for-stm32.11.3.rel1.win32_1.1.100.202309141235/tools/bin/../lib/gcc/arm-none-eabi/11.3.1/thumb/v7e-m+fp/hard/crtbegin.o
 .ARM.attributes
                0x0000000000000052       0x34 ./Libraries/STD_Lib/src/stm32f4xx_gpio.o
 .ARM.attributes
                0x0000000000000086       0x34 ./Libraries/STD_Lib/src/stm32f4xx_rcc.o
 .ARM.attributes
                0x00000000000000ba       0x34 ./Src/SEGGER_RTT.o
 .ARM.attributes
                0x00000000000000ee       0x34 ./Src/SEGGER_RTT_printf.o
 .ARM.attributes
                0x0000000000000122       0x34 ./Src/main.o
 .ARM.attributes
                0x0000000000000156       0x34 ./Src/stm32f4xx_it.o
 .ARM.attributes
                0x000000000000018a       0x34 ./Src/system_stm32f4xx.o
 .ARM.attributes
                0x00000000000001be       0x21 ./Startup/startup_stm32f401retx.o
 .ARM.attributes
                0x00000000000001df       0x34 D:/STM32CUBEIDE/STM32CubeIDE_1.14.1/STM32CubeIDE/plugins/com.st.stm32cube.ide.mcu.externaltools.gnu-tools-for-stm32.11.3.rel1.win32_1.1.100.202309141235/tools/bin/../lib/gcc/arm-none-eabi/11.3.1/../../../../arm-none-eabi/lib/thumb/v7e-m+fp/hard\libc_nano.a(libc_a-memset.o)
 .ARM.attributes
                0x0000000000000213       0x34 D:/STM32CUBEIDE/STM32CubeIDE_1.14.1/STM32CubeIDE/plugins/com.st.stm32cube.ide.mcu.externaltools.gnu-tools-for-stm32.11.3.rel1.win32_1.1.100.202309141235/tools/bin/../lib/gcc/arm-none-eabi/11.3.1/../../../../arm-none-eabi/lib/thumb/v7e-m+fp/hard\libc_nano.a(libc_a-init.o)
 .ARM.attributes
                0x0000000000000247       0x34 D:/STM32CUBEIDE/STM32CubeIDE_1.14.1/STM32CubeIDE/plugins/com.st.stm32cube.ide.mcu.externaltools.gnu-tools-for-stm32.11.3.rel1.win32_1.1.100.202309141235/tools/bin/../lib/gcc/arm-none-eabi/11.3.1/../../../../arm-none-eabi/lib/thumb/v7e-m+fp/hard\libc_nano.a(libc_a-memcpy-stub.o)
 .ARM.attributes
                0x000000000000027b       0x1e D:/STM32CUBEIDE/STM32CubeIDE_1.14.1/STM32CubeIDE/plugins/com.st.stm32cube.ide.mcu.externaltools.gnu-tools-for-stm32.11.3.rel1.win32_1.1.100.202309141235/tools/bin/../lib/gcc/arm-none-eabi/11.3.1/thumb/v7e-m+fp/hard/crtn.o
OUTPUT(001_demo_thu_vien_std.elf elf32-littlearm)
LOAD linker stubs
LOAD D:/STM32CUBEIDE/STM32CubeIDE_1.14.1/STM32CubeIDE/plugins/com.st.stm32cube.ide.mcu.externaltools.gnu-tools-for-stm32.11.3.rel1.win32_1.1.100.202309141235/tools/bin/../lib/gcc/arm-none-eabi/11.3.1/../../../../arm-none-eabi/lib/thumb/v7e-m+fp/hard\libc.a
LOAD D:/STM32CUBEIDE/STM32CubeIDE_1.14.1/STM32CubeIDE/plugins/com.st.stm32cube.ide.mcu.externaltools.gnu-tools-for-stm32.11.3.rel1.win32_1.1.100.202309141235/tools/bin/../lib/gcc/arm-none-eabi/11.3.1/../../../../arm-none-eabi/lib/thumb/v7e-m+fp/hard\libm.a
LOAD D:/STM32CUBEIDE/STM32CubeIDE_1.14.1/STM32CubeIDE/plugins/com.st.stm32cube.ide.mcu.externaltools.gnu-tools-for-stm32.11.3.rel1.win32_1.1.100.202309141235/tools/bin/../lib/gcc/arm-none-eabi/11.3.1/thumb/v7e-m+fp/hard\libgcc.a

.comment        0x0000000000000000       0x43
 .comment       0x0000000000000000       0x43 D:/STM32CUBEIDE/STM32CubeIDE_1.14.1/STM32CubeIDE/plugins/com.st.stm32cube.ide.mcu.externaltools.gnu-tools-for-stm32.11.3.rel1.win32_1.1.100.202309141235/tools/bin/../lib/gcc/arm-none-eabi/11.3.1/thumb/v7e-m+fp/hard/crtbegin.o
                                         0x44 (size before relaxing)
 .comment       0x0000000000000043       0x44 ./Libraries/STD_Lib/src/stm32f4xx_gpio.o
 .comment       0x0000000000000043       0x44 ./Libraries/STD_Lib/src/stm32f4xx_rcc.o
 .comment       0x0000000000000043       0x44 ./Src/SEGGER_RTT.o
 .comment       0x0000000000000043       0x44 ./Src/SEGGER_RTT_printf.o
 .comment       0x0000000000000043       0x44 ./Src/main.o
 .comment       0x0000000000000043       0x44 ./Src/stm32f4xx_it.o
 .comment       0x0000000000000043       0x44 ./Src/system_stm32f4xx.o

.debug_info     0x0000000000000000     0x384b
 .debug_info    0x0000000000000000      0x5fb ./Libraries/STD_Lib/src/stm32f4xx_gpio.o
 .debug_info    0x00000000000005fb      0xde4 ./Libraries/STD_Lib/src/stm32f4xx_rcc.o
 .debug_info    0x00000000000013df     0x14d5 ./Src/SEGGER_RTT.o
 .debug_info    0x00000000000028b4      0x414 ./Src/SEGGER_RTT_printf.o
 .debug_info    0x0000000000002cc8      0x46a ./Src/main.o
 .debug_info    0x0000000000003132      0x101 ./Src/stm32f4xx_it.o
 .debug_info    0x0000000000003233      0x5f5 ./Src/system_stm32f4xx.o
 .debug_info    0x0000000000003828       0x23 ./Startup/startup_stm32f401retx.o

.debug_abbrev   0x0000000000000000      0xb73
 .debug_abbrev  0x0000000000000000      0x1ee ./Libraries/STD_Lib/src/stm32f4xx_gpio.o
 .debug_abbrev  0x00000000000001ee      0x1e1 ./Libraries/STD_Lib/src/stm32f4xx_rcc.o
 .debug_abbrev  0x00000000000003cf      0x230 ./Src/SEGGER_RTT.o
 .debug_abbrev  0x00000000000005ff      0x1bc ./Src/SEGGER_RTT_printf.o
 .debug_abbrev  0x00000000000007bb      0x1f6 ./Src/main.o
 .debug_abbrev  0x00000000000009b1       0x47 ./Src/stm32f4xx_it.o
 .debug_abbrev  0x00000000000009f8      0x169 ./Src/system_stm32f4xx.o
 .debug_abbrev  0x0000000000000b61       0x12 ./Startup/startup_stm32f401retx.o

.debug_aranges  0x0000000000000000      0x4c0
 .debug_aranges
                0x0000000000000000       0x88 ./Libraries/STD_Lib/src/stm32f4xx_gpio.o
 .debug_aranges
                0x0000000000000088      0x1c0 ./Libraries/STD_Lib/src/stm32f4xx_rcc.o
 .debug_aranges
                0x0000000000000248      0x138 ./Src/SEGGER_RTT.o
 .debug_aranges
                0x0000000000000380       0x40 ./Src/SEGGER_RTT_printf.o
 .debug_aranges
                0x00000000000003c0       0x48 ./Src/main.o
 .debug_aranges
                0x0000000000000408       0x60 ./Src/stm32f4xx_it.o
 .debug_aranges
                0x0000000000000468       0x30 ./Src/system_stm32f4xx.o
 .debug_aranges
                0x0000000000000498       0x28 ./Startup/startup_stm32f401retx.o

.debug_rnglists
                0x0000000000000000      0x38d
 .debug_rnglists
                0x0000000000000000       0x64 ./Libraries/STD_Lib/src/stm32f4xx_gpio.o
 .debug_rnglists
                0x0000000000000064      0x14c ./Libraries/STD_Lib/src/stm32f4xx_rcc.o
 .debug_rnglists
                0x00000000000001b0       0xf5 ./Src/SEGGER_RTT.o
 .debug_rnglists
                0x00000000000002a5       0x3a ./Src/SEGGER_RTT_printf.o
 .debug_rnglists
                0x00000000000002df       0x31 ./Src/main.o
 .debug_rnglists
                0x0000000000000310       0x43 ./Src/stm32f4xx_it.o
 .debug_rnglists
                0x0000000000000353       0x21 ./Src/system_stm32f4xx.o
 .debug_rnglists
                0x0000000000000374       0x19 ./Startup/startup_stm32f401retx.o

.debug_macro    0x0000000000000000     0x27db
 .debug_macro   0x0000000000000000      0x1c1 ./Libraries/STD_Lib/src/stm32f4xx_gpio.o
 .debug_macro   0x00000000000001c1      0x2f5 ./Libraries/STD_Lib/src/stm32f4xx_gpio.o
 .debug_macro   0x00000000000004b6      0x292 ./Libraries/STD_Lib/src/stm32f4xx_rcc.o
 .debug_macro   0x0000000000000748      0x655 ./Libraries/STD_Lib/src/stm32f4xx_rcc.o
 .debug_macro   0x0000000000000d9d      0x1e9 ./Src/SEGGER_RTT.o
 .debug_macro   0x0000000000000f86       0x49 ./Src/SEGGER_RTT.o
 .debug_macro   0x0000000000000fcf       0x35 ./Src/SEGGER_RTT.o
 .debug_macro   0x0000000000001004       0x2a ./Src/SEGGER_RTT.o
 .debug_macro   0x000000000000102e       0x5b ./Src/SEGGER_RTT.o
 .debug_macro   0x0000000000001089       0x94 ./Src/SEGGER_RTT.o
 .debug_macro   0x000000000000111d       0x43 ./Src/SEGGER_RTT.o
 .debug_macro   0x0000000000001160       0x34 ./Src/SEGGER_RTT.o
 .debug_macro   0x0000000000001194       0x16 ./Src/SEGGER_RTT.o
 .debug_macro   0x00000000000011aa      0x10e ./Src/SEGGER_RTT.o
 .debug_macro   0x00000000000012b8       0x8d ./Src/SEGGER_RTT.o
 .debug_macro   0x0000000000001345       0x16 ./Src/SEGGER_RTT.o
 .debug_macro   0x000000000000135b       0x43 ./Src/SEGGER_RTT.o
 .debug_macro   0x000000000000139e       0x57 ./Src/SEGGER_RTT.o
 .debug_macro   0x00000000000013f5       0x34 ./Src/SEGGER_RTT.o
 .debug_macro   0x0000000000001429       0x10 ./Src/SEGGER_RTT.o
 .debug_macro   0x0000000000001439       0x58 ./Src/SEGGER_RTT.o
 .debug_macro   0x0000000000001491       0x8e ./Src/SEGGER_RTT.o
 .debug_macro   0x000000000000151f       0x1c ./Src/SEGGER_RTT.o
 .debug_macro   0x000000000000153b      0x177 ./Src/SEGGER_RTT.o
 .debug_macro   0x00000000000016b2      0x369 ./Src/SEGGER_RTT.o
 .debug_macro   0x0000000000001a1b       0x16 ./Src/SEGGER_RTT.o
 .debug_macro   0x0000000000001a31       0x29 ./Src/SEGGER_RTT.o
 .debug_macro   0x0000000000001a5a       0x58 ./Src/SEGGER_RTT.o
 .debug_macro   0x0000000000001ab2      0x138 ./Src/SEGGER_RTT.o
 .debug_macro   0x0000000000001bea       0x16 ./Src/SEGGER_RTT.o
 .debug_macro   0x0000000000001c00       0x35 ./Src/SEGGER_RTT.o
 .debug_macro   0x0000000000001c35       0x20 ./Src/SEGGER_RTT.o
 .debug_macro   0x0000000000001c55      0x173 ./Src/SEGGER_RTT_printf.o
 .debug_macro   0x0000000000001dc8      0x2f4 ./Src/main.o
 .debug_macro   0x00000000000020bc       0x16 ./Src/main.o
 .debug_macro   0x00000000000020d2       0x97 ./Src/main.o
 .debug_macro   0x0000000000002169       0xfd ./Src/main.o
 .debug_macro   0x0000000000002266       0x10 ./Src/main.o
 .debug_macro   0x0000000000002276       0x16 ./Src/main.o
 .debug_macro   0x000000000000228c       0x16 ./Src/main.o
 .debug_macro   0x00000000000022a2      0x147 ./Src/main.o
 .debug_macro   0x00000000000023e9       0x4c ./Src/main.o
 .debug_macro   0x0000000000002435      0x1cb ./Src/stm32f4xx_it.o
 .debug_macro   0x0000000000002600      0x1db ./Src/system_stm32f4xx.o

.debug_line     0x0000000000000000     0x522e
 .debug_line    0x0000000000000000      0xab9 ./Libraries/STD_Lib/src/stm32f4xx_gpio.o
 .debug_line    0x0000000000000ab9     0x1060 ./Libraries/STD_Lib/src/stm32f4xx_rcc.o
 .debug_line    0x0000000000001b19     0x1006 ./Src/SEGGER_RTT.o
 .debug_line    0x0000000000002b1f      0xa0d ./Src/SEGGER_RTT_printf.o
 .debug_line    0x000000000000352c      0xb1e ./Src/main.o
 .debug_line    0x000000000000404a      0x85b ./Src/stm32f4xx_it.o
 .debug_line    0x00000000000048a5      0x90e ./Src/system_stm32f4xx.o
 .debug_line    0x00000000000051b3       0x7b ./Startup/startup_stm32f401retx.o

.debug_str      0x0000000000000000    0x664d3
 .debug_str     0x0000000000000000    0x603f9 ./Libraries/STD_Lib/src/stm32f4xx_gpio.o
                                      0x605ea (size before relaxing)
 .debug_str     0x00000000000603f9      0xd91 ./Libraries/STD_Lib/src/stm32f4xx_rcc.o
                                      0x610d7 (size before relaxing)
 .debug_str     0x000000000006118a     0x491f ./Src/SEGGER_RTT.o
                                       0x873f (size before relaxing)
 .debug_str     0x0000000000065aa9      0x17f ./Src/SEGGER_RTT_printf.o
                                       0x80a0 (size before relaxing)
 .debug_str     0x0000000000065c28      0x68f ./Src/main.o
                                      0x64d27 (size before relaxing)
 .debug_str     0x00000000000662b7       0xc2 ./Src/stm32f4xx_it.o
                                      0x60334 (size before relaxing)
 .debug_str     0x0000000000066379      0x12b ./Src/system_stm32f4xx.o
                                      0x6052c (size before relaxing)
 .debug_str     0x00000000000664a4       0x2f ./Startup/startup_stm32f401retx.o
                                         0x7d (size before relaxing)

.debug_frame    0x0000000000000000     0x1354
 .debug_frame   0x0000000000000000      0x23c ./Libraries/STD_Lib/src/stm32f4xx_gpio.o
 .debug_frame   0x000000000000023c      0x83c ./Libraries/STD_Lib/src/stm32f4xx_rcc.o
 .debug_frame   0x0000000000000a78      0x52c ./Src/SEGGER_RTT.o
 .debug_frame   0x0000000000000fa4       0xe0 ./Src/SEGGER_RTT_printf.o
 .debug_frame   0x0000000000001084       0xd0 ./Src/main.o
 .debug_frame   0x0000000000001154      0x110 ./Src/stm32f4xx_it.o
 .debug_frame   0x0000000000001264       0x7c ./Src/system_stm32f4xx.o
 .debug_frame   0x00000000000012e0       0x20 D:/STM32CUBEIDE/STM32CubeIDE_1.14.1/STM32CubeIDE/plugins/com.st.stm32cube.ide.mcu.externaltools.gnu-tools-for-stm32.11.3.rel1.win32_1.1.100.202309141235/tools/bin/../lib/gcc/arm-none-eabi/11.3.1/../../../../arm-none-eabi/lib/thumb/v7e-m+fp/hard\libc_nano.a(libc_a-memset.o)
 .debug_frame   0x0000000000001300       0x2c D:/STM32CUBEIDE/STM32CubeIDE_1.14.1/STM32CubeIDE/plugins/com.st.stm32cube.ide.mcu.externaltools.gnu-tools-for-stm32.11.3.rel1.win32_1.1.100.202309141235/tools/bin/../lib/gcc/arm-none-eabi/11.3.1/../../../../arm-none-eabi/lib/thumb/v7e-m+fp/hard\libc_nano.a(libc_a-init.o)
 .debug_frame   0x000000000000132c       0x28 D:/STM32CUBEIDE/STM32CubeIDE_1.14.1/STM32CubeIDE/plugins/com.st.stm32cube.ide.mcu.externaltools.gnu-tools-for-stm32.11.3.rel1.win32_1.1.100.202309141235/tools/bin/../lib/gcc/arm-none-eabi/11.3.1/../../../../arm-none-eabi/lib/thumb/v7e-m+fp/hard\libc_nano.a(libc_a-memcpy-stub.o)

.debug_line_str
                0x0000000000000000       0x71
 .debug_line_str
                0x0000000000000000       0x71 ./Startup/startup_stm32f401retx.o
                                         0x89 (size before relaxing)
